{
  "actions": [
    {
      "active": true,
      "auth_config": {
        "auth_type": "oauth2",
        "parameters": {},
        "provider": "github",
        "scopes": [
          "repo"
        ]
      },
      "created_at": "2025-09-08T22:04:03.099884Z",
      "description": "Create a new repository",
      "extensions": {
        "x-action-type": "create",
        "x-auth": {
          "provider": "github",
          "scopes": [
            "repo"
          ],
          "type": "oauth2"
        },
        "x-rate-limit": 100
      },
      "id": null,
      "method": "POST",
      "name": "createRepo",
      "parameters": [],
      "path": "/repos",
      "provider": "test",
      "request_body": null,
      "responses": {
        "201": {
          "content": {},
          "description": "Repository created",
          "headers": {}
        }
      },
      "security": [],
      "tags": [
        "repos"
      ],
      "tenant": "test_tenant",
      "trn": "trn:openact:test_tenant:action/createRepo.test:provider/test",
      "updated_at": "2025-09-08T22:04:03.099887Z"
    },
    {
      "active": true,
      "auth_config": {
        "auth_type": "oauth2",
        "parameters": {},
        "provider": "github",
        "scopes": [
          "user:email"
        ]
      },
      "created_at": "2025-09-08T22:04:03.099980Z",
      "description": "Get the current authenticated user",
      "extensions": {
        "x-action-type": "read",
        "x-auth": {
          "provider": "github",
          "scopes": [
            "user:email"
          ],
          "type": "oauth2"
        },
        "x-rate-limit": 1000
      },
      "id": null,
      "method": "GET",
      "name": "getUser",
      "parameters": [],
      "path": "/user",
      "provider": "test",
      "request_body": null,
      "responses": {
        "200": {
          "content": {},
          "description": "User found",
          "headers": {}
        }
      },
      "security": [],
      "tags": [
        "user"
      ],
      "tenant": "test_tenant",
      "trn": "trn:openact:test_tenant:action/getUser.test:provider/test",
      "updated_at": "2025-09-08T22:04:03.099980Z"
    }
  ],
  "errors": [],
  "stats": {
    "deprecated_skipped": 0,
    "failed_operations": 0,
    "processing_time_ms": 2,
    "successful_actions": 2,
    "total_operations": 2
  }
}