{
  "message": "Hello, World!",
  "timestamp": "2023-01-01T00:00:00Z"
}