{
  "actions": [
    {
      "active": true,
      "auth_config": null,
      "created_at": "2025-09-13T12:08:33.241831Z",
      "description": null,
      "extensions": {},
      "id": null,
      "method": "GET",
      "name": "test",
      "parameters": [],
      "path": "/test",
      "provider": "test",
      "request_body": null,
      "responses": {},
      "security": [],
      "tags": [],
      "tenant": "test_tenant",
      "trn": "trn:openact:test_tenant:action/test.test:provider/test",
      "updated_at": "2025-09-13T12:08:33.241832Z"
    }
  ],
  "errors": [],
  "stats": {
    "deprecated_skipped": 0,
    "failed_operations": 0,
    "processing_time_ms": 0,
    "successful_actions": 1,
    "total_operations": 1
  }
}